../Core/Src/main.c:69:6:HAL_TIM_PeriodElapsedCallback	2
../Core/Src/main.c:82:6:HAL_TIM_IC_CaptureCallback	4
../Core/Src/main.c:115:6:delay_us	2
../Core/Src/main.c:122:6:HCSR04_Trigger	1
../Core/Src/main.c:131:5:getMiles	1
../Core/Src/main.c:137:5:getCientos	1
../Core/Src/main.c:142:5:getDecenas	1
../Core/Src/main.c:148:5:getUnidades	1
../Core/Src/main.c:153:6:Configurar_PWM_PB4	1
../Core/Src/main.c:183:5:main	7
../Core/Src/main.c:353:6:SystemClock_Config	3
../Core/Src/main.c:393:13:MX_TIM1_Init	4
../Core/Src/main.c:442:13:MX_TIM2_Init	4
../Core/Src/main.c:487:13:MX_TIM3_Init	6
../Core/Src/main.c:546:13:MX_TIM4_Init	6
../Core/Src/main.c:604:13:MX_GPIO_Init	1
../Core/Src/main.c:678:6:Error_Handler	1
