../Core/Src/main.c:67:6:HAL_TIM_PeriodElapsedCallback	24	static
../Core/Src/main.c:99:6:delay_us	16	static
../Core/Src/main.c:106:6:HCSR04_Trigger	8	static
../Core/Src/main.c:119:5:main	88	static
../Core/Src/main.c:238:6:SystemClock_Config	72	static
../Core/Src/main.c:278:13:MX_TIM1_Init	32	static
../Core/Src/main.c:327:13:MX_TIM2_Init	32	static
../Core/Src/main.c:372:13:MX_TIM4_Init	48	static
../Core/Src/main.c:430:13:MX_GPIO_Init	40	static
../Core/Src/main.c:504:6:Error_Handler	4	static,ignoring_inline_asm
