../Core/Src/main.c:69:6:HAL_TIM_PeriodElapsedCallback	16	static
../Core/Src/main.c:82:6:HAL_TIM_IC_CaptureCallback	24	static
../Core/Src/main.c:115:6:delay_us	16	static
../Core/Src/main.c:122:6:HCSR04_Trigger	8	static
../Core/Src/main.c:131:5:getMiles	16	static
../Core/Src/main.c:137:5:getCientos	16	static
../Core/Src/main.c:142:5:getDecenas	24	static
../Core/Src/main.c:148:5:getUnidades	24	static
../Core/Src/main.c:153:6:Configurar_PWM_PB4	32	static
../Core/Src/main.c:172:5:main	96	static
../Core/Src/main.c:322:6:SystemClock_Config	72	static
../Core/Src/main.c:362:13:MX_TIM1_Init	32	static
../Core/Src/main.c:411:13:MX_TIM2_Init	32	static
../Core/Src/main.c:456:13:MX_TIM3_Init	64	static
../Core/Src/main.c:515:13:MX_TIM4_Init	48	static
../Core/Src/main.c:573:13:MX_GPIO_Init	40	static
../Core/Src/main.c:647:6:Error_Handler	4	static,ignoring_inline_asm
